src/extension.ts(167,73): error TS2339: Property 'is_cancelled' does not exist on type 'Cancellable'.
src/extension.ts(298,73): error TS2339: Property 'is_cancelled' does not exist on type 'Cancellable'.
src/indicator.ts(327,81): error TS2552: Cannot find name 'PackageWatchdogIndicatorInternal'. Did you mean 'PackageWatchdogIndicator'?
src/indicator.ts(328,40): error TS2552: Cannot find name 'PackageWatchdogIndicatorInternal'. Did you mean 'PackageWatchdogIndicator'?
